MPLINK 4.49, Linker
Linker Map File - Created Thu Sep 10 07:02:37 2015

                                 Section Info
                  Section       Type    Address   Location Size(Bytes)
                ---------  ---------  ---------  ---------  ---------
                   .org_0       code   0x000000    program   0x000000
                   .org_1       code   0x000000    program   0x000004
                   .org_2       code   0x000008    program   0x00000e
                   .org_3       code   0x000018    program   0x00010c
 .config_300000_RELOGIO.O    romdata   0x300000    program   0x000001
 .config_300001_RELOGIO.O    romdata   0x300001    program   0x000001
 .config_300002_RELOGIO.O    romdata   0x300002    program   0x000001
 .config_300003_RELOGIO.O    romdata   0x300003    program   0x000001
 .config_300005_RELOGIO.O    romdata   0x300005    program   0x000001
 .config_300006_RELOGIO.O    romdata   0x300006    program   0x000001
 .config_300008_RELOGIO.O    romdata   0x300008    program   0x000001
 .config_300009_RELOGIO.O    romdata   0x300009    program   0x000001
 .config_30000A_RELOGIO.O    romdata   0x30000a    program   0x000001
 .config_30000B_RELOGIO.O    romdata   0x30000b    program   0x000001
 .config_30000C_RELOGIO.O    romdata   0x30000c    program   0x000001
 .config_30000D_RELOGIO.O    romdata   0x30000d    program   0x000001



                              Program Memory Usage 
                               Start         End      
                           ---------   ---------      
                            0x000000    0x000003      
                            0x000008    0x000015      
                            0x000018    0x000123      
                            0x300000    0x300003      
                            0x300005    0x300006      
                            0x300008    0x30000d      
            298 out of 33048 program addresses used, program memory utilization is 0%



                              Symbols - Sorted by Name
                     Name    Address   Location    Storage File                     
                ---------  ---------  ---------  --------- ---------                
      analise_unidad_hora   0x00010c    program     static E:\IFRN\Microcontroladores\Treinamento_PIC\Relógio\relogio.asm
  incrementa_deze_minutos   0x0000f2    program     static E:\IFRN\Microcontroladores\Treinamento_PIC\Relógio\relogio.asm
      incrementa_deze_seg   0x0000d2    program     static E:\IFRN\Microcontroladores\Treinamento_PIC\Relógio\relogio.asm
                   inicio   0x00005c    program     static E:\IFRN\Microcontroladores\Treinamento_PIC\Relógio\relogio.asm
       limpa_deze_minutos   0x0000f8    program     static E:\IFRN\Microcontroladores\Treinamento_PIC\Relógio\relogio.asm
           limpa_deze_seg   0x0000d8    program     static E:\IFRN\Microcontroladores\Treinamento_PIC\Relógio\relogio.asm
        limpar_unidad_seg   0x0000c4    program     static E:\IFRN\Microcontroladores\Treinamento_PIC\Relógio\relogio.asm
                     loop   0x000096    program     static E:\IFRN\Microcontroladores\Treinamento_PIC\Relógio\relogio.asm
                   tabela   0x000042    program     static E:\IFRN\Microcontroladores\Treinamento_PIC\Relógio\relogio.asm
               unidad_seg   0x0000a2    program     static E:\IFRN\Microcontroladores\Treinamento_PIC\Relógio\relogio.asm



                              Symbols - Sorted by Address
                     Name    Address   Location    Storage File                     
                ---------  ---------  ---------  --------- ---------                
                   tabela   0x000042    program     static E:\IFRN\Microcontroladores\Treinamento_PIC\Relógio\relogio.asm
                   inicio   0x00005c    program     static E:\IFRN\Microcontroladores\Treinamento_PIC\Relógio\relogio.asm
                     loop   0x000096    program     static E:\IFRN\Microcontroladores\Treinamento_PIC\Relógio\relogio.asm
               unidad_seg   0x0000a2    program     static E:\IFRN\Microcontroladores\Treinamento_PIC\Relógio\relogio.asm
        limpar_unidad_seg   0x0000c4    program     static E:\IFRN\Microcontroladores\Treinamento_PIC\Relógio\relogio.asm
      incrementa_deze_seg   0x0000d2    program     static E:\IFRN\Microcontroladores\Treinamento_PIC\Relógio\relogio.asm
           limpa_deze_seg   0x0000d8    program     static E:\IFRN\Microcontroladores\Treinamento_PIC\Relógio\relogio.asm
  incrementa_deze_minutos   0x0000f2    program     static E:\IFRN\Microcontroladores\Treinamento_PIC\Relógio\relogio.asm
       limpa_deze_minutos   0x0000f8    program     static E:\IFRN\Microcontroladores\Treinamento_PIC\Relógio\relogio.asm
      analise_unidad_hora   0x00010c    program     static E:\IFRN\Microcontroladores\Treinamento_PIC\Relógio\relogio.asm


